
> padel-potato@1.0.0 supabase:test
> npx supabase db reset && node scripts/verify-supabase.mjs && node scripts/verify-game-management.mjs && node scripts/verify-social.mjs && node scripts/verify-auth-recovery.mjs

Resetting local database...
Recreating database...
Initialising schema...
Seeding globals from roles.sql...
Applying migration 20260930154440_initial_schema.sql...
Applying migration 20260930190000_game_lifecycle_mutations.sql...
Applying migration 20260930200000_player_directory.sql...
Applying migration 20260930210000_game_invitations.sql...
Applying migration 20261002120000_onboarding_profiles.sql...
Applying migration 20261003010000_game_management.sql...
Seeding data from supabase/seed.sql...
Restarting containers...
Finished supabase db reset on branch main.
{"target":"local","version":"","message":"Reset local database."}
A new version of Supabase CLI is available: v2.119.0 (currently installed v2.118.0)
We recommend updating regularly for new features and bug fixes: https://supabase.com/docs/guides/cli/getting-started#updating-the-supabase-cli
Stopped services: [supabase_realtime_padel supabase_imgproxy_padel supabase_pg_meta_padel supabase_studio_padel supabase_edge_runtime_padel supabase_analytics_padel supabase_vector_padel supabase_pooler_padel]
A new version of Supabase CLI is available: v2.119.0 (currently installed v2.118.0)
We recommend updating regularly for new features and bug fixes: https://supabase.com/docs/guides/cli/getting-started#updating-the-supabase-cli
Supabase verification passed: profile trigger, RLS, game creation, joining, lifecycle, results, session restoration, onboarding, and photo storage.
Stopped services: [supabase_realtime_padel supabase_imgproxy_padel supabase_pg_meta_padel supabase_studio_padel supabase_edge_runtime_padel supabase_analytics_padel supabase_vector_padel supabase_pooler_padel]
A new version of Supabase CLI is available: v2.119.0 (currently installed v2.118.0)
We recommend updating regularly for new features and bug fixes: https://supabase.com/docs/guides/cli/getting-started#updating-the-supabase-cli
Game management verified. Ordered concurrent departures, idempotent leave, organiser authority, reschedule consent and invitation closure passed.
Stopped services: [supabase_realtime_padel supabase_imgproxy_padel supabase_pg_meta_padel supabase_studio_padel supabase_edge_runtime_padel supabase_analytics_padel supabase_vector_padel supabase_pooler_padel]
A new version of Supabase CLI is available: v2.119.0 (currently installed v2.118.0)
We recommend updating regularly for new features and bug fixes: https://supabase.com/docs/guides/cli/getting-started#updating-the-supabase-cli
Social verified. Real profiles, private persistent favourites, invitation permissions, retries and concurrent final-place acceptance passed.
Stopped services: [supabase_realtime_padel supabase_imgproxy_padel supabase_pg_meta_padel supabase_studio_padel supabase_edge_runtime_padel supabase_analytics_padel supabase_vector_padel supabase_pooler_padel]
A new version of Supabase CLI is available: v2.119.0 (currently installed v2.118.0)
We recommend updating regularly for new features and bug fixes: https://supabase.com/docs/guides/cli/getting-started#updating-the-supabase-cli
Auth recovery verified. Signup profile, real reset email, native redirect, recovery session and changed password passed.
